
================== ASTRAL ===================== 

This is ASTRAL version 5.7.7
Gene trees are treated as unrooted
5000 trees read from hackett_all_species.tre
index0
All output trees will be *arbitrarily* rooted at Ceuthmochares_aereus

======== Running the main analysis
Number of taxa: 55 (55 species)
Taxa: [Ceuthmochares_aereus, Clamator_glandarius, Clamator_coromandus, Clamator_jacobinus, Clamator_levaillantii, Cercococcyx_mechowi, Cercococcyx_olivinus, Cercococcyx_montanus, Surniculus_lugubris, Surniculus_velutinus, Cuculus_fugax, Cuculus_sparverioides, Cuculus_varius, Cuculus_lepidus, Cuculus_optatus, Cuculus_crassirostris, Cuculus_rochii, Cuculus_vagans, Cuculus_saturatus, Cuculus_canorus, Cuculus_gularis, Cuculus_micropterus, Cuculus_solitarius, Cuculus_poliocephalus, Cuculus_clamosus, Cacomantis_castaneiventris, Cacomantis_flabelliformis, Cacomantis_sepulcralis, Cacomantis_passerinus, Cacomantis_merulinus, Cacomantis_variolosus, Cacomantis_sonneratii, Cacomantis_heinrichi, Cuculus_pallidus, Chrysococcyx_maculatus, Chrysococcyx_ruficollis, Chrysococcyx_xanthorhynchus, Chrysococcyx_cupreus, Chrysococcyx_flavigularis, Chrysococcyx_russatus, Chrysococcyx_crassirostris, Chrysococcyx_caprius, Chrysococcyx_klaas, Chrysococcyx_lucidus, Chrysococcyx_basalis, Chrysococcyx_meyeri, Chrysococcyx_minutillus, Chrysococcyx_osculans, Scythrops_novaehollandiae, Microdynamis_parva, Eudynamys_orientalis, Eudynamys_scolopaceus, Eudynamys_melanorhynchus, Eudynamys_taitensis, Pachycoccyx_audeberti]
Taxon occupancy: {Eudynamys_taitensis=5000, Ceuthmochares_aereus=5000, Cuculus_lepidus=5000, Surniculus_velutinus=5000, Cacomantis_flabelliformis=5000, Chrysococcyx_caprius=5000, Chrysococcyx_basalis=5000, Cuculus_rochii=5000, Cuculus_canorus=5000, Cuculus_optatus=5000, Microdynamis_parva=5000, Cuculus_micropterus=5000, Chrysococcyx_crassirostris=5000, Chrysococcyx_meyeri=5000, Cuculus_fugax=5000, Cuculus_clamosus=5000, Cuculus_sparverioides=5000, Cacomantis_sonneratii=5000, Chrysococcyx_osculans=5000, Cacomantis_heinrichi=5000, Cacomantis_variolosus=5000, Clamator_levaillantii=5000, Clamator_jacobinus=5000, Surniculus_lugubris=5000, Chrysococcyx_minutillus=5000, Clamator_glandarius=5000, Cacomantis_sepulcralis=5000, Cuculus_vagans=5000, Cuculus_solitarius=5000, Cercococcyx_mechowi=5000, Eudynamys_scolopaceus=5000, Cuculus_gularis=5000, Cacomantis_passerinus=5000, Eudynamys_orientalis=5000, Cuculus_poliocephalus=5000, Chrysococcyx_maculatus=5000, Cuculus_saturatus=5000, Chrysococcyx_flavigularis=5000, Chrysococcyx_russatus=5000, Eudynamys_melanorhynchus=5000, Chrysococcyx_xanthorhynchus=5000, Cacomantis_castaneiventris=5000, Cuculus_pallidus=5000, Cacomantis_merulinus=5000, Cercococcyx_montanus=5000, Cercococcyx_olivinus=5000, Cuculus_crassirostris=5000, Cuculus_varius=5000, Pachycoccyx_audeberti=5000, Chrysococcyx_klaas=5000, Scythrops_novaehollandiae=5000, Clamator_coromandus=5000, Chrysococcyx_lucidus=5000, Chrysococcyx_cupreus=5000, Chrysococcyx_ruficollis=5000}
Number of gene trees: 5000
0 trees have missing taxa
Calculating quartet distance matrix (for completion of X)
Species tree distances calculated ...
Building set of clusters (X) from gene trees 
------------------------------
gradient0: 1151
Number of Clusters after addition by distance: 1151
calculating extra bipartitions to be added at level 1 ...
Adding to X using resolutions of greedy consensus ...
Limit for sigma of degrees:1425
polytomy size limit : 6
discarded polytomies:  [3, 3, 4, 5, 5, 6, 6, 6]
Threshold 0.0:
Threshold 0.01:
Threshold 0.02:
Threshold 0.05:
Threshold 0.1:
polytomy of size 3; rounds with additions with at least 5 support: 0; clusters: 1151
Threshold 0.2:
polytomy of size 6; rounds with additions with at least 5 support: 0; clusters: 1151
polytomy of size 3; rounds with additions with at least 5 support: 0; clusters: 1151
polytomy of size 5; rounds with additions with at least 5 support: 0; clusters: 1151
Threshold 0.3333333333333333:
polytomy of size 6; rounds with additions with at least 5 support: 0; clusters: 1151
polytomy of size 5; rounds with additions with at least 5 support: 0; clusters: 1151
polytomy of size 6; rounds with additions with at least 5 support: 0; clusters: 1151
polytomy of size 4; rounds with additions with at least 5 support: 0; clusters: 1151
max k is :0
Number of Clusters after addition by greedy: 1151
gradient0 in heuristiic: 1151
partitions formed in 10.625 secs
Dynamic Programming starting after 10.625 secs
Using tree-based weight calculation.
Using polytree-based weight calculation.
Polytree max score: 1705275000
Polytree building time: 0.993 seconds.
Number of quartet trees in the gene trees: 1705275000
Size of largest cluster: 55
Greedy score: 1622891547
estimationFactor: 1.0507633755023804
Sub-optimal score: 1626979521
Total Number of elements weighted: 2099
Normalized score (portion of input quartet trees satisfied before correcting for multiple individuals): 0.9550218269780534
Optimization score: 1628574846
Optimal tree inferred in 12.607 secs.
(Cuculus_solitarius,(((Cuculus_crassirostris,Cuculus_poliocephalus),(Cuculus_micropterus,((Cuculus_rochii,Cuculus_gularis),(Cuculus_canorus,(Cuculus_vagans,Cuculus_saturatus))))),(Cuculus_clamosus,(Cuculus_optatus,(Cuculus_lepidus,((Cuculus_fugax,(Cuculus_sparverioides,Cuculus_varius)),(((Surniculus_lugubris,Surniculus_velutinus),(Cercococcyx_mechowi,(Cercococcyx_olivinus,Cercococcyx_montanus))),((Cuculus_pallidus,((Cacomantis_passerinus,(Cacomantis_castaneiventris,Cacomantis_flabelliformis)),(Cacomantis_sonneratii,(Cacomantis_heinrichi,(Cacomantis_sepulcralis,(Cacomantis_merulinus,Cacomantis_variolosus)))))),(((Pachycoccyx_audeberti,(Ceuthmochares_aereus,(Clamator_glandarius,(Clamator_coromandus,(Clamator_jacobinus,Clamator_levaillantii))))),(Scythrops_novaehollandiae,(Eudynamys_taitensis,(Eudynamys_melanorhynchus,(Eudynamys_orientalis,(Microdynamis_parva,Eudynamys_scolopaceus)))))),((Chrysococcyx_osculans,((Chrysococcyx_meyeri,Chrysococcyx_minutillus),(Chrysococcyx_lucidus,Chrysococcyx_basalis))),((Chrysococcyx_maculatus,Chrysococcyx_xanthorhynchus),(Chrysococcyx_ruficollis,(Chrysococcyx_crassirostris,(Chrysococcyx_russatus,((Chrysococcyx_caprius,Chrysococcyx_klaas),(Chrysococcyx_cupreus,Chrysococcyx_flavigularis))))))))))))))));
Final quartet score is: 1628574846
Final normalized quartet score is: 0.9550218269780534
Extended species tree:
(Ceuthmochares_aereus,((Clamator_glandarius,(Clamator_coromandus,(Clamator_jacobinus,Clamator_levaillantii)1:8.111928063310847)1:0.34933201477067)1:8.111928063310847,(Pachycoccyx_audeberti,((Scythrops_novaehollandiae,(Eudynamys_taitensis,(Eudynamys_melanorhynchus,(Eudynamys_orientalis,(Microdynamis_parva,Eudynamys_scolopaceus)1:0.15903565576634499)0.51:0.01237675813940367)1:0.5421723327654848)1:8.111928063310847)0.74:0.09297338015502112,(((Chrysococcyx_osculans,((Chrysococcyx_meyeri,Chrysococcyx_minutillus)1:4.872865217523366,(Chrysococcyx_lucidus,Chrysococcyx_basalis)1:6.127551633428405)1:1.9968751419580628)1:1.8521872747808106,((Chrysococcyx_maculatus,Chrysococcyx_xanthorhynchus)1:2.2503281701496496,(Chrysococcyx_ruficollis,(Chrysococcyx_crassirostris,(Chrysococcyx_russatus,((Chrysococcyx_caprius,Chrysococcyx_klaas)1:5.3793446756854415,(Chrysococcyx_cupreus,Chrysococcyx_flavigularis)1:4.359429628354712)1:0.6197974870857592)1:0.10796133455282178)1:0.05438693066243727)1:0.07788306435796698)1:1.0071972191474805)1:8.111928063310847,((Cuculus_pallidus,((Cacomantis_passerinus,(Cacomantis_castaneiventris,Cacomantis_flabelliformis)1:0.7766326202779757)1:0.1482592501936111,(Cacomantis_sonneratii,(Cacomantis_heinrichi,(Cacomantis_sepulcralis,(Cacomantis_merulinus,Cacomantis_variolosus)1:1.8878267072512005)0.77:0.013347799732195314)1:0.09924713360390734)1:0.11018227073889747)1:8.111928063310847)1:3.9727694852971025,(((Surniculus_lugubris,Surniculus_velutinus)1:8.111928063310847,(Cercococcyx_mechowi,(Cercococcyx_olivinus,Cercococcyx_montanus)1:8.111928063310847)1:8.111928063310847)1:1.0301634563654136,((Cuculus_fugax,(Cuculus_sparverioides,Cuculus_varius)1:5.840595513821064)1:2.9102133781540704,(Cuculus_lepidus,(Cuculus_optatus,(Cuculus_clamosus,(((Cuculus_crassirostris,Cuculus_poliocephalus)1:0.6797905321351558,(Cuculus_micropterus,((Cuculus_rochii,Cuculus_gularis)1:0.46203228563321536,(Cuculus_canorus,(Cuculus_vagans,Cuculus_saturatus)1:0.04747907487411092)1:4.431711019774931)1:5.152739816320388)1:2.598628014513589)1:1.6166460882255544,Cuculus_solitarius)1:3.938310320194888)1:0.5124723568821071)1:0.15988735442350055)1:0.15431448624178146)1:0.5823784005472243)1:3.406610928718307)1:8.111928063310847)1:8.111928063310847)1:8.111928063310847)1:8.111928063310847));
Weight calculation took 0.465734002 secs
ASTRAL finished in 17.008 secs
IQ-TREE multicore version 2.2.0.3 COVID-edition for Linux 64-bit built May 11 2022
Developed by Bui Quang Minh, James Barbetti, Nguyen Lam Tung,
Olga Chernomor, Heiko Schmidt, Dominik Schrempf, Michael Woodhams, Ly Trong Nhan.

Host:    hlegr1409n13 (AVX512, FMA3, 3023 GB RAM)
Command: iqtree -t hackett_all_species_species_tree.tre --gcf hackett_all_species.tre --prefix hackett_all_species_concord
Seed:    540564 (Using SPRNG - Scalable Parallel Random Number Generator)
Time:    Tue Oct 14 01:07:09 2025
Kernel:  AVX+FMA - 1 threads (3 CPU cores detected)

HINT: Use -nt option to specify number of threads because your CPU has 3 cores!
HINT: -nt AUTO will automatically determine the best number of threads to use.

Reading tree hackett_all_species_species_tree.tre ...
rooted tree with 55 taxa and 109 branches
Reading tree(s) file hackett_all_species.tre ...
5000 tree(s) loaded (5000 rooted and 0 unrooted)
Computing gene concordance factor...
1.020 sec
Tree with concordance factors written to hackett_all_species_concord.cf.tree
Annotated tree (best viewed in FigTree) written to hackett_all_species_concord.cf.tree.nex
Tree with branch IDs written to hackett_all_species_concord.cf.branch
Concordance factors per branch printed to hackett_all_species_concord.cf.stat
Date and Time: Tue Oct 14 01:07:11 2025
