ggtree v3.2.0  For help: https://yulab-smu.top/treedata-book/

If you use ggtree in published research, please cite the most appropriate paper(s):

1. Guangchuang Yu. Using ggtree to visualize data on tree-like structures. Current Protocols in Bioinformatics. 2020, 69:e96. doi:10.1002/cpbi.96
2. Guangchuang Yu, Tommy Tsan-Yuk Lam, Huachen Zhu, Yi Guan. Two methods for mapping and visualizing associated data on phylogeny using ggtree. Molecular Biology and Evolution. 2018, 35(12):3041-3043. doi:10.1093/molbev/msy194
3. Guangchuang Yu, David Smith, Huachen Zhu, Yi Guan, Tommy Tsan-Yuk Lam. ggtree: an R package for visualization and annotation of phylogenetic trees with their covariates and other associated data. Methods in Ecology and Evolution. 2017, 8(1):28-36. doi:10.1111/2041-210X.12628



Attaching package: ‘ape’

The following object is masked from ‘package:ggtree’:

    rotate

── Attaching packages ─────────────────────────────────────── tidyverse 1.3.1 ──
✔ ggplot2 3.3.5     ✔ purrr   0.3.4
✔ tibble  3.1.6     ✔ dplyr   1.0.7
✔ tidyr   1.1.4     ✔ stringr 1.4.0
✔ readr   2.1.0     ✔ forcats 0.5.1
── Conflicts ────────────────────────────────────────── tidyverse_conflicts() ──
✖ tidyr::expand() masks ggtree::expand()
✖ dplyr::filter() masks stats::filter()
✖ dplyr::lag()    masks stats::lag()
treeio v1.18.0  For help: https://yulab-smu.top/treedata-book/

If you use treeio in published research, please cite:

LG Wang, TTY Lam, S Xu, Z Dai, L Zhou, T Feng, P Guo, CW Dunn, BR Jones, T Bradley, H Zhu, Y Guan, Y Jiang, G Yu. treeio: an R package for phylogenetic tree input and output with richly annotated and associated data. Molecular Biology and Evolution 2020, 37(2):599-603. doi: 10.1093/molbev/msz240


Attaching package: ‘treeio’

The following object is masked from ‘package:ape’:

    drop.tip

Loading required package: maps

Attaching package: ‘maps’

The following object is masked from ‘package:purrr’:

    map


Attaching package: ‘phytools’

The following object is masked from ‘package:treeio’:

    read.newick

Rows: 45 Columns: 14
── Column specification ────────────────────────────────────────────────────────
Delimiter: "\t"
chr (6): label, Genus, Species, Route, Residency, new_label
dbl (7): parent, node, branch.length, x, y, branch, angle
lgl (1): isTip

ℹ Use `spec()` to retrieve the full column specification for this data.
ℹ Specify the column types or set `show_col_types = FALSE` to quiet this message.
Warning message:
In sqrt(diag(solve(h))) : NaNs produced
Running MCMC burn-in. Please wait....
Running 10000 generations of MCMC, sampling every 100 generations.
Please wait....

make.simmap is simulating with a sample of Q from
the posterior distribution

Mean Q from the posterior is
Q =
             AA        APe        APw       APwe         II          S
AA   -42.824672   8.564934   8.564934   8.564934   8.564934   8.564934
APe    8.564934 -42.824672   8.564934   8.564934   8.564934   8.564934
APw    8.564934   8.564934 -42.824672   8.564934   8.564934   8.564934
APwe   8.564934   8.564934   8.564934 -42.824672   8.564934   8.564934
II     8.564934   8.564934   8.564934   8.564934 -42.824672   8.564934
S      8.564934   8.564934   8.564934   8.564934   8.564934 -42.824672
and (mean) root node prior probabilities
pi =
       AA       APe       APw      APwe        II         S 
0.1666667 0.1666667 0.1666667 0.1666667 0.1666667 0.1666667 
slurmstepd: error: *** JOB 3295499 ON hlegr1409n05 CANCELLED AT 2025-10-15T03:43:19 DUE TO TIME LIMIT ***
